  git config --global user.email "srinallapati488@gmail.com"
  git config --global user.name "Lakshmi912"

Microsoft Windows [Version 10.0.22621.4169]
(c) Microsoft Corporation. All rights reserved.

C:\Users\Ashok\Desktop\git>git clone -b main https://github.com/Lakshmi912/pythonrepo123.git
Cloning into 'pythonrepo123'...
remote: Enumerating objects: 6, done.
remote: Counting objects: 100% (6/6), done.
remote: Compressing objects: 100% (4/4), done.
remote: Total 6 (delta 0), reused 0 (delta 0), pack-reused 0 (from 0)
Receiving objects: 100% (6/6), 11.73 KiB | 857.00 KiB/s, done.

C:\Users\Ashok\Desktop\git>cd pythonrepo123

C:\Users\Ashok\Desktop\git\pythonrepo123>git branch
* main

C:\Users\Ashok\Desktop\git\pythonrepo123>git status
On branch main
Your branch is up to date with 'origin/main'.

Untracked files:
  (use "git add <file>..." to include in what will be committed)
        machinelearning.txt

nothing added to commit but untracked files present (use "git add" to track)

C:\Users\Ashok\Desktop\git\pythonrepo123>git add .

C:\Users\Ashok\Desktop\git\pythonrepo123>git commit
Author identity unknown

*** Please tell me who you are.

Run

  git config --global user.email "you@example.com"
  git config --global user.name "Your Name"

to set your account's default identity.
Omit --global to set the identity only in this repository.

fatal: unable to auto-detect email address (got 'Ashok@DESKTOP-RSB912I.(none)')

C:\Users\Ashok\Desktop\git\pythonrepo123> git config --global user.email "srinallapati488@gmail.com"

C:\Users\Ashok\Desktop\git\pythonrepo123>  git config --global user.name "Lakshmi912"

C:\Users\Ashok\Desktop\git\pythonrepo123>git commit -m "addingfiletogit"
[main 4d0a0f7] addingfiletogit
 1 file changed, 0 insertions(+), 0 deletions(-)
 create mode 100644 machinelearning.txt

C:\Users\Ashok\Desktop\git\pythonrepo123>git push
info: please complete authentication in your browser...

C:\Users\Ashok\Desktop\git\pythonrepo123>git push
info: please complete authentication in your browser...
Enumerating objects: 4, done.
Counting objects: 100% (4/4), done.
Delta compression using up to 4 threads
Compressing objects: 100% (2/2), done.
Writing objects: 100% (3/3), 336 bytes | 336.00 KiB/s, done.
Total 3 (delta 0), reused 0 (delta 0), pack-reused 0 (from 0)
To https://github.com/Lakshmi912/pythonrepo123.git
   5fa14cb..4d0a0f7  main -> main

C:\Users\Ashok\Desktop\git\pythonrepo123>



sample git command

git clone -b branchname <url>

git branch

git status

git add .

git config --global user.email "gitaccountemailid"

git config --global user.name "gitaccountusername"

git commit -m " "

git push


git pull